// Jest Snapshot v1, https://goo.gl/fbAQLP

exports[`snapshot 1`] = `
Array [
  1,
  2,
]
`;

exports[`snapshot app 1`] = `
<h1
  className="sampleClass"
>
  Hello World!
</h1>
`;
